Machine model: Mac16,8
OS version: 26A434
Boot arguments: 
Boot time: Mon Sep 28 19:16:28 2026



*** Sampled system activity (Mon Sep 28 21:46:12 2026 -0300) (513.52ms elapsed) ***


**** Processor usage ****

E-Cluster Online: 100%
E-Cluster HW active frequency: 1579 MHz
E-Cluster HW active residency:  33.20% (1020 MHz:  17% 1404 MHz: 1.4% 1788 MHz: 4.5% 2112 MHz: .84% 2352 MHz: 2.1% 2532 MHz: .65% 2592 MHz: 6.3%)
E-Cluster idle residency:  66.80%
E-Cluster down residency:   0.00%
CPU 0 frequency: 1671 MHz
CPU 0 active residency:  20.23% (1020 MHz:  10% 1404 MHz: .28% 1788 MHz: 2.3% 2112 MHz: .73% 2352 MHz: 1.5% 2532 MHz: .61% 2592 MHz: 4.8%)
CPU 0 idle residency:  79.77%
CPU 0 down residency:   0.00%
CPU 1 frequency: 1664 MHz
CPU 1 active residency:  14.11% (1020 MHz: 6.4% 1404 MHz: .68% 1788 MHz: 2.2% 2112 MHz: .27% 2352 MHz: 1.2% 2532 MHz: .48% 2592 MHz: 2.9%)
CPU 1 idle residency:  85.89%
CPU 1 down residency:   0.00%
CPU 2 frequency: 1760 MHz
CPU 2 active residency:   9.47% (1020 MHz: 3.2% 1404 MHz: .85% 1788 MHz: 1.9% 2112 MHz: .19% 2352 MHz: 1.2% 2532 MHz: .23% 2592 MHz: 2.0%)
CPU 2 idle residency:  90.53%
CPU 2 down residency:   0.00%
CPU 3 frequency: 1821 MHz
CPU 3 active residency:   5.53% (1020 MHz: 1.9% 1404 MHz: .16% 1788 MHz: 1.2% 2112 MHz: .00% 2352 MHz: .81% 2532 MHz: .15% 2592 MHz: 1.4%)
CPU 3 idle residency:  94.47%
CPU 3 down residency:   0.00%

P0-Cluster Online: 5%
P0-Cluster HW active frequency: 1897 MHz
P0-Cluster HW active residency:   0.73% (1260 MHz: .54% 1512 MHz:   0% 1800 MHz:   0% 2088 MHz:   0% 2352 MHz:   0% 2616 MHz:   0% 2868 MHz:   0% 3096 MHz:   0% 3300 MHz:   0% 3468 MHz:   0% 3624 MHz:   0% 3756 MHz: .19% 3852 MHz:   0% 3924 MHz:   0% 3996 MHz:   0% 4044 MHz:   0% 4104 MHz:   0% 4416 MHz:   0% 4512 MHz:   0%)
P0-Cluster idle residency:   3.31%
P0-Cluster down residency:  95.96%
CPU 4 frequency: 0 MHz
CPU 4 active residency:   0.00% (1260 MHz:   0% 1512 MHz:   0% 1800 MHz:   0% 2088 MHz:   0% 2352 MHz:   0% 2616 MHz:   0% 2868 MHz:   0% 3096 MHz:   0% 3300 MHz:   0% 3468 MHz:   0% 3624 MHz:   0% 3756 MHz:   0% 3852 MHz:   0% 3924 MHz:   0% 3996 MHz:   0% 4044 MHz:   0% 4104 MHz:   0% 4416 MHz:   0% 4512 MHz:   0%)
CPU 4 idle residency:   3.79%
CPU 4 down residency:  96.21%
CPU 5 frequency: 0 MHz
CPU 5 active residency:   0.00% (1260 MHz:   0% 1512 MHz:   0% 1800 MHz:   0% 2088 MHz:   0% 2352 MHz:   0% 2616 MHz:   0% 2868 MHz:   0% 3096 MHz:   0% 3300 MHz:   0% 3468 MHz:   0% 3624 MHz:   0% 3756 MHz:   0% 3852 MHz:   0% 3924 MHz:   0% 3996 MHz:   0% 4044 MHz:   0% 4104 MHz:   0% 4416 MHz:   0% 4512 MHz:   0%)
CPU 5 idle residency:   3.83%
CPU 5 down residency:  96.17%
CPU 6 frequency: 0 MHz
CPU 6 active residency:   0.00% (1260 MHz:   0% 1512 MHz:   0% 1800 MHz:   0% 2088 MHz:   0% 2352 MHz:   0% 2616 MHz:   0% 2868 MHz:   0% 3096 MHz:   0% 3300 MHz:   0% 3468 MHz:   0% 3624 MHz:   0% 3756 MHz:   0% 3852 MHz:   0% 3924 MHz:   0% 3996 MHz:   0% 4044 MHz:   0% 4104 MHz:   0% 4416 MHz:   0% 4512 MHz:   0%)
CPU 6 idle residency:   3.81%
CPU 6 down residency:  96.19%
CPU 7 frequency: 0 MHz
CPU 7 active residency:   0.00% (1260 MHz:   0% 1512 MHz:   0% 1800 MHz:   0% 2088 MHz:   0% 2352 MHz:   0% 2616 MHz:   0% 2868 MHz:   0% 3096 MHz:   0% 3300 MHz:   0% 3468 MHz:   0% 3624 MHz:   0% 3756 MHz:   0% 3852 MHz:   0% 3924 MHz:   0% 3996 MHz:   0% 4044 MHz:   0% 4104 MHz:   0% 4416 MHz:   0% 4512 MHz:   0%)
CPU 7 idle residency:   3.81%
CPU 7 down residency:  96.19%

P1-Cluster HW active frequency: 2724 MHz
P1-Cluster HW active residency:  31.06% (1260 MHz: 6.2% 1512 MHz: 1.1% 1800 MHz: 3.1% 2088 MHz: 2.3% 2352 MHz: 1.3% 2616 MHz: 1.6% 2868 MHz: 1.4% 3096 MHz: 1.6% 3300 MHz: 1.3% 3468 MHz: 1.6% 3624 MHz: 1.4% 3756 MHz: 1.2% 3852 MHz: .85% 3924 MHz: 1.2% 3996 MHz: .85% 4044 MHz: .86% 4104 MHz: .62% 4416 MHz: .09% 4512 MHz: 2.5%)
P1-Cluster idle residency:  64.43%
P1-Cluster down residency:   4.51%
CPU 8 frequency: 3039 MHz
CPU 8 active residency:   5.89% (1260 MHz: .76% 1512 MHz: .10% 1800 MHz: .62% 2088 MHz: .32% 2352 MHz: .02% 2616 MHz: .09% 2868 MHz: .09% 3096 MHz: .04% 3300 MHz: .06% 3468 MHz: .65% 3624 MHz: 1.1% 3756 MHz: 1.2% 3852 MHz: .25% 3924 MHz: .09% 3996 MHz: .16% 4044 MHz: .20% 4104 MHz: .10% 4416 MHz: .01% 4512 MHz: .07%)
CPU 8 idle residency:  89.60%
CPU 8 down residency:   4.51%
CPU 9 frequency: 2865 MHz
CPU 9 active residency:  13.88% (1260 MHz: .39% 1512 MHz: .12% 1800 MHz: .93% 2088 MHz: 1.8% 2352 MHz: 1.2% 2616 MHz: 1.5% 2868 MHz: 1.2% 3096 MHz: 1.5% 3300 MHz: 1.2% 3468 MHz: 1.4% 3624 MHz: 1.1% 3756 MHz: 1.1% 3852 MHz: .06% 3924 MHz: .06% 3996 MHz: .02% 4044 MHz: .20% 4104 MHz: .04% 4416 MHz: .00% 4512 MHz: .09%)
CPU 9 idle residency:  81.61%
CPU 9 down residency:   4.51%
CPU 10 frequency: 3156 MHz
CPU 10 active residency:   7.47% (1260 MHz: .19% 1512 MHz: .94% 1800 MHz: 1.7% 2088 MHz: .12% 2352 MHz:   0% 2616 MHz: .02% 2868 MHz: .04% 3096 MHz: .03% 3300 MHz: .02% 3468 MHz: .47% 3624 MHz: 1.0% 3756 MHz: .19% 3852 MHz: .10% 3924 MHz: .03% 3996 MHz: .00% 4044 MHz: .12% 4104 MHz: .00% 4416 MHz:   0% 4512 MHz: 2.5%)
CPU 10 idle residency:  88.01%
CPU 10 down residency:   4.51%
CPU 11 frequency: 3787 MHz
CPU 11 active residency:   5.77% (1260 MHz: .09% 1512 MHz: .02% 1800 MHz: .11% 2088 MHz: .02% 2352 MHz:   0% 2616 MHz: .00% 2868 MHz: .00% 3096 MHz: .01% 3300 MHz: .01% 3468 MHz: .00% 3624 MHz: .69% 3756 MHz: 1.2% 3852 MHz: .78% 3924 MHz: .75% 3996 MHz: .77% 4044 MHz: .78% 4104 MHz: .57% 4416 MHz:   0% 4512 MHz: .00%)
CPU 11 idle residency:  89.71%
CPU 11 down residency:   4.51%

CPU Power: 600 mW
GPU Power: 2 mW
ANE Power: 0 mW
Combined Power (CPU + GPU + ANE): 602 mW


*** Sampled system activity (Mon Sep 28 21:46:12 2026 -0300) (517.92ms elapsed) ***


**** Processor usage ****

E-Cluster Online: 100%
E-Cluster HW active frequency: 1538 MHz
E-Cluster HW active residency:  35.49% (1020 MHz:  22% 1404 MHz: .73% 1788 MHz: 2.3% 2112 MHz:   0% 2352 MHz: .81% 2532 MHz: .49% 2592 MHz: 9.2%)
E-Cluster idle residency:  64.51%
E-Cluster down residency:   0.00%
CPU 0 frequency: 1565 MHz
CPU 0 active residency:  17.15% (1020 MHz:  10% 1404 MHz: .43% 1788 MHz: 1.2% 2112 MHz:   0% 2352 MHz: .40% 2532 MHz: .35% 2592 MHz: 4.6%)
CPU 0 idle residency:  82.85%
CPU 0 down residency:   0.00%
CPU 1 frequency: 1511 MHz
CPU 1 active residency:  14.26% (1020 MHz: 9.0% 1404 MHz: .42% 1788 MHz: .99% 2112 MHz:   0% 2352 MHz: .06% 2532 MHz: .08% 2592 MHz: 3.7%)
CPU 1 idle residency:  85.74%
CPU 1 down residency:   0.00%
CPU 2 frequency: 1989 MHz
CPU 2 active residency:   8.10% (1020 MHz: 2.8% 1404 MHz: .05% 1788 MHz: .37% 2112 MHz:   0% 2352 MHz: .41% 2532 MHz: .06% 2592 MHz: 4.4%)
CPU 2 idle residency:  91.90%
CPU 2 down residency:   0.00%
CPU 3 frequency: 2293 MHz
CPU 3 active residency:   5.46% (1020 MHz: .85% 1404 MHz: .00% 1788 MHz: .36% 2112 MHz:   0% 2352 MHz: .00% 2532 MHz: .10% 2592 MHz: 4.1%)
CPU 3 idle residency:  94.54%
CPU 3 down residency:   0.00%

P0-Cluster Online: 48%
P0-Cluster HW active frequency: 3575 MHz
P0-Cluster HW active residency:  39.27% (1260 MHz: 1.2% 1512 MHz:   0% 1800 MHz: .13% 2088 MHz: .28% 2352 MHz: 2.0% 2616 MHz: 1.5% 2868 MHz: 1.1% 3096 MHz: 1.5% 3300 MHz: 1.5% 3468 MHz: 1.2% 3624 MHz: 1.2% 3756 MHz: 1.2% 3852 MHz: .78% 3924 MHz:  26% 3996 MHz:   0% 4044 MHz:   0% 4104 MHz:   0% 4416 MHz: .02% 4512 MHz: .01%)
P0-Cluster idle residency:   5.38%
P0-Cluster down residency:  55.35%
CPU 4 frequency: 4491 MHz
CPU 4 active residency:  99.97% (1260 MHz: .45% 1512 MHz: .03% 1800 MHz: .04% 2088 MHz: .03% 2352 MHz: .04% 2616 MHz: .04% 2868 MHz: .02% 3096 MHz: .03% 3300 MHz: .02% 3468 MHz: .02% 3624 MHz: .03% 3756 MHz: .02% 3852 MHz: .01% 3924 MHz: .01% 3996 MHz: .01% 4044 MHz: .02% 4104 MHz: .07% 4416 MHz: .05% 4512 MHz:  99%)
CPU 4 idle residency:   0.00%
CPU 4 down residency:   0.03%
CPU 5 frequency: 4493 MHz
CPU 5 active residency:  99.97% (1260 MHz: .42% 1512 MHz: .03% 1800 MHz: .03% 2088 MHz: .03% 2352 MHz: .04% 2616 MHz: .04% 2868 MHz: .02% 3096 MHz: .02% 3300 MHz: .02% 3468 MHz: .02% 3624 MHz: .02% 3756 MHz: .02% 3852 MHz: .01% 3924 MHz: .01% 3996 MHz: .00% 4044 MHz: .01% 4104 MHz: .07% 4416 MHz: .05% 4512 MHz:  99%)
CPU 5 idle residency:   0.00%
CPU 5 down residency:   0.03%
CPU 6 frequency: 4494 MHz
CPU 6 active residency:  99.97% (1260 MHz: .42% 1512 MHz: .03% 1800 MHz: .02% 2088 MHz: .03% 2352 MHz: .03% 2616 MHz: .04% 2868 MHz: .02% 3096 MHz: .02% 3300 MHz: .01% 3468 MHz: .02% 3624 MHz: .02% 3756 MHz: .01% 3852 MHz: .01% 3924 MHz: .01% 3996 MHz: .00% 4044 MHz: .01% 4104 MHz: .07% 4416 MHz: .05% 4512 MHz:  99%)
CPU 6 idle residency:   0.00%
CPU 6 down residency:   0.03%
CPU 7 frequency: 4494 MHz
CPU 7 active residency:  99.96% (1260 MHz: .42% 1512 MHz: .02% 1800 MHz: .02% 2088 MHz: .03% 2352 MHz: .03% 2616 MHz: .03% 2868 MHz: .02% 3096 MHz: .02% 3300 MHz: .01% 3468 MHz: .02% 3624 MHz: .02% 3756 MHz: .01% 3852 MHz: .01% 3924 MHz: .01% 3996 MHz: .00% 4044 MHz: .01% 4104 MHz: .07% 4416 MHz: .05% 4512 MHz:  99%)
CPU 7 idle residency:   0.00%
CPU 7 down residency:   0.03%

P1-Cluster HW active frequency: 3136 MHz
P1-Cluster HW active residency:  59.95% (1260 MHz: 3.0% 1512 MHz: .89% 1800 MHz: 2.9% 2088 MHz: 5.1% 2352 MHz: 5.2% 2616 MHz: 3.4% 2868 MHz: 2.8% 3096 MHz: 3.1% 3300 MHz: 3.1% 3468 MHz: 1.7% 3624 MHz: 1.2% 3756 MHz: 1.2% 3852 MHz: .78% 3924 MHz:  26% 3996 MHz:   0% 4044 MHz:   0% 4104 MHz:   0% 4416 MHz: .02% 4512 MHz: .01%)
P1-Cluster idle residency:  40.05%
P1-Cluster down residency:   0.00%
CPU 8 frequency: 3748 MHz
CPU 8 active residency:  43.26% (1260 MHz: .29% 1512 MHz: .76% 1800 MHz: 1.2% 2088 MHz: 1.8% 2352 MHz: 3.2% 2616 MHz: 1.6% 2868 MHz: 1.2% 3096 MHz: 1.6% 3300 MHz: 1.6% 3468 MHz: 1.2% 3624 MHz: 1.2% 3756 MHz: 1.2% 3852 MHz: .77% 3924 MHz: .78% 3996 MHz: .76% 4044 MHz: .77% 4104 MHz: 2.3% 4416 MHz: 3.1% 4512 MHz:  18%)
CPU 8 idle residency:  56.74%
CPU 8 down residency:   0.00%
CPU 9 frequency: 3657 MHz
CPU 9 active residency:  49.35% (1260 MHz: .41% 1512 MHz: .19% 1800 MHz: 1.5% 2088 MHz: 2.1% 2352 MHz: 2.9% 2616 MHz: 3.2% 2868 MHz: 2.7% 3096 MHz: 3.1% 3300 MHz: 2.9% 3468 MHz: 1.6% 3624 MHz: 1.2% 3756 MHz: 1.2% 3852 MHz: .77% 3924 MHz: .78% 3996 MHz: .76% 4044 MHz: .77% 4104 MHz: 2.3% 4416 MHz: 3.1% 4512 MHz:  18%)
CPU 9 idle residency:  50.65%
CPU 9 down residency:   0.00%
CPU 10 frequency: 3719 MHz
CPU 10 active residency:  44.15% (1260 MHz: .02% 1512 MHz: .72% 1800 MHz: 1.2% 2088 MHz: 3.4% 2352 MHz: 2.7% 2616 MHz: 1.5% 2868 MHz: 1.2% 3096 MHz: 1.6% 3300 MHz: 1.8% 3468 MHz: 1.2% 3624 MHz: 1.2% 3756 MHz: 1.2% 3852 MHz: .77% 3924 MHz: .78% 3996 MHz: .76% 4044 MHz: .77% 4104 MHz: 2.3% 4416 MHz: 3.1% 4512 MHz:  18%)
CPU 10 idle residency:  55.85%
CPU 10 down residency:   0.00%
CPU 11 frequency: 3944 MHz
CPU 11 active residency:  38.80% (1260 MHz: .03% 1512 MHz: .04% 1800 MHz: .50% 2088 MHz: .70% 2352 MHz: 1.7% 2616 MHz: 1.5% 2868 MHz: 1.2% 3096 MHz: 1.5% 3300 MHz: 1.6% 3468 MHz: 1.2% 3624 MHz: 1.2% 3756 MHz: 1.2% 3852 MHz: .77% 3924 MHz: .78% 3996 MHz: .76% 4044 MHz: .77% 4104 MHz: 2.3% 4416 MHz: 3.1% 4512 MHz:  18%)
CPU 11 idle residency:  61.20%
CPU 11 down residency:   0.00%

CPU Power: 8414 mW
GPU Power: 29 mW
ANE Power: 0 mW
Combined Power (CPU + GPU + ANE): 8443 mW


*** Sampled system activity (Mon Sep 28 21:46:13 2026 -0300) (513.95ms elapsed) ***


**** Processor usage ****

E-Cluster Online: 100%
E-Cluster HW active frequency: 2026 MHz
E-Cluster HW active residency:  32.54% (1020 MHz:  10% 1404 MHz: 1.1% 1788 MHz: .41% 2112 MHz: .98% 2352 MHz: .02% 2532 MHz: .31% 2592 MHz:  19%)
E-Cluster idle residency:  67.46%
E-Cluster down residency:   0.00%
CPU 0 frequency: 2046 MHz
CPU 0 active residency:  17.14% (1020 MHz: 5.1% 1404 MHz: .74% 1788 MHz: .19% 2112 MHz: .61% 2352 MHz: .01% 2532 MHz: .07% 2592 MHz:  10%)
CPU 0 idle residency:  82.86%
CPU 0 down residency:   0.00%
CPU 1 frequency: 2053 MHz
CPU 1 active residency:  15.76% (1020 MHz: 4.8% 1404 MHz: .50% 1788 MHz: .12% 2112 MHz: .46% 2352 MHz: .01% 2532 MHz: .24% 2592 MHz: 9.6%)
CPU 1 idle residency:  84.24%
CPU 1 down residency:   0.00%
CPU 2 frequency: 2344 MHz
CPU 2 active residency:  11.56% (1020 MHz: 1.6% 1404 MHz: .14% 1788 MHz: .06% 2112 MHz: .15% 2352 MHz: .01% 2532 MHz: .04% 2592 MHz: 9.5%)
CPU 2 idle residency:  88.44%
CPU 2 down residency:   0.00%
CPU 3 frequency: 2455 MHz
CPU 3 active residency:   9.87% (1020 MHz: .74% 1404 MHz: .08% 1788 MHz: .09% 2112 MHz: .05% 2352 MHz: .00% 2532 MHz: .01% 2592 MHz: 8.9%)
CPU 3 idle residency:  90.13%
CPU 3 down residency:   0.00%

P0-Cluster Online: 100%
P0-Cluster HW active frequency: 3924 MHz
P0-Cluster HW active residency: 100.00% (1260 MHz:   0% 1512 MHz:   0% 1800 MHz:   0% 2088 MHz:   0% 2352 MHz:   0% 2616 MHz:   0% 2868 MHz:   0% 3096 MHz:   0% 3300 MHz:   0% 3468 MHz:   0% 3624 MHz:   0% 3756 MHz:   0% 3852 MHz:   0% 3924 MHz: 100% 3996 MHz:   0% 4044 MHz:   0% 4104 MHz:   0% 4416 MHz: .04% 4512 MHz: .04%)
P0-Cluster idle residency:   0.00%
P0-Cluster down residency:   0.00%
CPU 4 frequency: 4512 MHz
CPU 4 active residency:  99.94% (1260 MHz:   0% 1512 MHz:   0% 1800 MHz:   0% 2088 MHz:   0% 2352 MHz:   0% 2616 MHz:   0% 2868 MHz:   0% 3096 MHz:   0% 3300 MHz:   0% 3468 MHz:   0% 3624 MHz:   0% 3756 MHz:   0% 3852 MHz:   0% 3924 MHz:   0% 3996 MHz:   0% 4044 MHz:   0% 4104 MHz:   0% 4416 MHz:   0% 4512 MHz: 100%)
CPU 4 idle residency:   0.06%
CPU 4 down residency:   0.00%
CPU 5 frequency: 4512 MHz
CPU 5 active residency:  99.95% (1260 MHz:   0% 1512 MHz:   0% 1800 MHz:   0% 2088 MHz:   0% 2352 MHz:   0% 2616 MHz:   0% 2868 MHz:   0% 3096 MHz:   0% 3300 MHz:   0% 3468 MHz:   0% 3624 MHz:   0% 3756 MHz:   0% 3852 MHz:   0% 3924 MHz:   0% 3996 MHz:   0% 4044 MHz:   0% 4104 MHz:   0% 4416 MHz:   0% 4512 MHz: 100%)
CPU 5 idle residency:   0.05%
CPU 5 down residency:   0.00%
CPU 6 frequency: 4512 MHz
CPU 6 active residency:  99.94% (1260 MHz:   0% 1512 MHz:   0% 1800 MHz:   0% 2088 MHz:   0% 2352 MHz:   0% 2616 MHz:   0% 2868 MHz:   0% 3096 MHz:   0% 3300 MHz:   0% 3468 MHz:   0% 3624 MHz:   0% 3756 MHz:   0% 3852 MHz:   0% 3924 MHz:   0% 3996 MHz:   0% 4044 MHz:   0% 4104 MHz:   0% 4416 MHz:   0% 4512 MHz: 100%)
CPU 6 idle residency:   0.06%
CPU 6 down residency:   0.00%
CPU 7 frequency: 4512 MHz
CPU 7 active residency:  99.92% (1260 MHz:   0% 1512 MHz:   0% 1800 MHz:   0% 2088 MHz:   0% 2352 MHz:   0% 2616 MHz:   0% 2868 MHz:   0% 3096 MHz:   0% 3300 MHz:   0% 3468 MHz:   0% 3624 MHz:   0% 3756 MHz:   0% 3852 MHz:   0% 3924 MHz:   0% 3996 MHz:   0% 4044 MHz:   0% 4104 MHz:   0% 4416 MHz:   0% 4512 MHz: 100%)
CPU 7 idle residency:   0.08%
CPU 7 down residency:   0.00%

P1-Cluster HW active frequency: 3924 MHz
P1-Cluster HW active residency: 100.00% (1260 MHz:   0% 1512 MHz:   0% 1800 MHz:   0% 2088 MHz:   0% 2352 MHz:   0% 2616 MHz:   0% 2868 MHz:   0% 3096 MHz:   0% 3300 MHz:   0% 3468 MHz:   0% 3624 MHz:   0% 3756 MHz:   0% 3852 MHz:   0% 3924 MHz: 100% 3996 MHz:   0% 4044 MHz:   0% 4104 MHz:   0% 4416 MHz: .05% 4512 MHz: .02%)
P1-Cluster idle residency:   0.00%
P1-Cluster down residency:   0.00%
CPU 8 frequency: 4512 MHz
CPU 8 active residency:  99.93% (1260 MHz:   0% 1512 MHz:   0% 1800 MHz:   0% 2088 MHz:   0% 2352 MHz:   0% 2616 MHz:   0% 2868 MHz:   0% 3096 MHz:   0% 3300 MHz:   0% 3468 MHz:   0% 3624 MHz:   0% 3756 MHz:   0% 3852 MHz:   0% 3924 MHz:   0% 3996 MHz:   0% 4044 MHz:   0% 4104 MHz:   0% 4416 MHz:   0% 4512 MHz: 100%)
CPU 8 idle residency:   0.07%
CPU 8 down residency:   0.00%
CPU 9 frequency: 4512 MHz
CPU 9 active residency:  99.96% (1260 MHz:   0% 1512 MHz:   0% 1800 MHz:   0% 2088 MHz:   0% 2352 MHz:   0% 2616 MHz:   0% 2868 MHz:   0% 3096 MHz:   0% 3300 MHz:   0% 3468 MHz:   0% 3624 MHz:   0% 3756 MHz:   0% 3852 MHz:   0% 3924 MHz:   0% 3996 MHz:   0% 4044 MHz:   0% 4104 MHz:   0% 4416 MHz:   0% 4512 MHz: 100%)
CPU 9 idle residency:   0.04%
CPU 9 down residency:   0.00%
CPU 10 frequency: 4512 MHz
CPU 10 active residency:  99.95% (1260 MHz:   0% 1512 MHz:   0% 1800 MHz:   0% 2088 MHz:   0% 2352 MHz:   0% 2616 MHz:   0% 2868 MHz:   0% 3096 MHz:   0% 3300 MHz:   0% 3468 MHz:   0% 3624 MHz:   0% 3756 MHz:   0% 3852 MHz:   0% 3924 MHz:   0% 3996 MHz:   0% 4044 MHz:   0% 4104 MHz:   0% 4416 MHz:   0% 4512 MHz: 100%)
CPU 10 idle residency:   0.05%
CPU 10 down residency:   0.00%
CPU 11 frequency: 4512 MHz
CPU 11 active residency:  99.95% (1260 MHz:   0% 1512 MHz:   0% 1800 MHz:   0% 2088 MHz:   0% 2352 MHz:   0% 2616 MHz:   0% 2868 MHz:   0% 3096 MHz:   0% 3300 MHz:   0% 3468 MHz:   0% 3624 MHz:   0% 3756 MHz:   0% 3852 MHz:   0% 3924 MHz:   0% 3996 MHz:   0% 4044 MHz:   0% 4104 MHz:   0% 4416 MHz:   0% 4512 MHz: 100%)
CPU 11 idle residency:   0.05%
CPU 11 down residency:   0.00%

CPU Power: 24419 mW
GPU Power: 41 mW
ANE Power: 0 mW
Combined Power (CPU + GPU + ANE): 24460 mW
